[33mΓ¥»[39m Building...
[32mΓ£ö[39m Building...
[1mInitial chunk files[22m                                           [2m | [22m[1mNames[22m                                                      [2m | [22m [1mRaw size[22m
[32mstyles.css[39m                                                    [2m | [22m[2mstyles[22m                                                     [2m | [22m[36m386.73 kB[39m[2m | [22m
[32mscripts.js[39m                                                    [2m | [22m[2mscripts[22m                                                    [2m | [22m[36m107.73 kB[39m[2m | [22m
[32mspec-app-components-criteria-modal-criteria-modal.component.js[39m[2m | [22m[2mspec-app-components-criteria-modal-criteria-modal.component[22m[2m | [22m [36m14.14 kB[39m[2m | [22m
[32mspec-app-components-results-table-results-table.component.js[39m  [2m | [22m[2mspec-app-components-results-table-results-table.component[22m  [2m | [22m [36m13.83 kB[39m[2m | [22m
[32mchunk-C6ZVWM6S.js[39m                                             [2m | [22m[2m-[22m                                                          [2m | [22m  [36m6.91 kB[39m[2m | [22m
[32mspec-app-components-body-map-body-map.component.js[39m            [2m | [22m[2mspec-app-components-body-map-body-map.component[22m            [2m | [22m  [36m4.35 kB[39m[2m | [22m
[32mchunk-CGZBV6BD.js[39m                                             [2m | [22m[2m-[22m                                                          [2m | [22m  [36m4.07 kB[39m[2m | [22m
[32mspec-app-app.js[39m                                               [2m | [22m[2mspec-app-app[22m                                               [2m | [22m  [36m1.79 kB[39m[2m | [22m
[32mspec-app-models-body-region.model.js[39m                          [2m | [22m[2mspec-app-models-body-region.model[22m                          [2m | [22m  [36m1.28 kB[39m[2m | [22m
[32minit-testbed.js[39m                                               [2m | [22m[2minit-testbed[22m                                               [2m | [22m  [36m1.21 kB[39m[2m | [22m

[1m [22m                                                             [2m | [22m[1mInitial total[22m                                              [2m | [22m[1m542.05 kB[22m

Application bundle generation complete. [1.758 seconds] - 2026-03-11T11:08:23.237Z

node.exe : [1m[33m[33mΓû▓ 
[43;33m[[43;30mWARNING[43;33m][0m 
[1mDeprecation[0m [1m[35m[plugin 
angular-sass][0m
At C:\Program Files\nodejs\npx.ps1:29 char:3
+   & $NODE_EXE $NPX_CLI_JS $args
+   ~~~~~~~~~~~~~~~~~~~~~~~~~~~~~
    + CategoryInfo          : NotSpecified: ([1 
   m[33m[33mΓ...gular-sass][0m:String) [], R  
  emoteException
    + FullyQualifiedErrorId : NativeCommandError
 

    src/styles.scss:47:8:
[37m      47 Γöé @import 
[32m[37m"bootstrap/scss/functions";
         Γò╡         [32m^[0m


  Sass @import rules are deprecated and will be 
removed in Dart Sass 3.0.0.
  
  More info and automated migrator: 
[4mhttps://sass-lang.com/d/import[0m

  The plugin "angular-sass" was triggered by 
this import

    angular:styles/global:styles:1:8:
[37m      1 Γöé @import 
[32m'src/styles.scss'[37m;
        Γò╡         [32m~~~~~~~~~~~~~~~~~[0m


[33mΓû▓ [43;33m[[43;30mWARNING[43;33m][0m 
[1mDeprecation[0m [1m[35m[plugin 
angular-sass][0m

    src/styles.scss:48:8:
[37m      48 Γöé @import 
[32m[37m"bootstrap/scss/variables";
         Γò╡         [32m^[0m


  Sass @import rules are deprecated and will be 
removed in Dart Sass 3.0.0.
  
  More info and automated migrator: 
[4mhttps://sass-lang.com/d/import[0m

  The plugin "angular-sass" was triggered by 
this import

    angular:styles/global:styles:1:8:
[37m      1 Γöé @import 
[32m'src/styles.scss'[37m;
        Γò╡         [32m~~~~~~~~~~~~~~~~~[0m


[33mΓû▓ [43;33m[[43;30mWARNING[43;33m][0m 
[1mDeprecation[0m [1m[35m[plugin 
angular-sass][0m

    src/styles.scss:49:8:
[37m      49 Γöé @import 
[32m[37m"bootstrap/scss/maps";
         Γò╡         [32m^[0m


  Sass @import rules are deprecated and will be 
removed in Dart Sass 3.0.0.
  
  More info and automated migrator: 
[4mhttps://sass-lang.com/d/import[0m

  The plugin "angular-sass" was triggered by 
this import

    angular:styles/global:styles:1:8:
[37m      1 Γöé @import 
[32m'src/styles.scss'[37m;
        Γò╡         [32m~~~~~~~~~~~~~~~~~[0m


[33mΓû▓ [43;33m[[43;30mWARNING[43;33m][0m 
[1mDeprecation[0m [1m[35m[plugin 
angular-sass][0m

    src/styles.scss:50:8:
[37m      50 Γöé @import 
[32m[37m"bootstrap/scss/mixins";
         Γò╡         [32m^[0m


  Sass @import rules are deprecated and will be 
removed in Dart Sass 3.0.0.
  
  More info and automated migrator: 
[4mhttps://sass-lang.com/d/import[0m

  The plugin "angular-sass" was triggered by 
this import

    angular:styles/global:styles:1:8:
[37m      1 Γöé @import 
[32m'src/styles.scss'[37m;
        Γò╡         [32m~~~~~~~~~~~~~~~~~[0m


[33mΓû▓ [43;33m[[43;30mWARNING[43;33m][0m 
[1mDeprecation[0m [1m[35m[plugin 
angular-sass][0m

    src/styles.scss:51:8:
[37m      51 Γöé @import 
[32m[37m"bootstrap/scss/root";
         Γò╡         [32m^[0m


  Sass @import rules are deprecated and will be 
removed in Dart Sass 3.0.0.
  
  More info and automated migrator: 
[4mhttps://sass-lang.com/d/import[0m

  The plugin "angular-sass" was triggered by 
this import

    angular:styles/global:styles:1:8:
[37m      1 Γöé @import 
[32m'src/styles.scss'[37m;
        Γò╡         [32m~~~~~~~~~~~~~~~~~[0m


[33mΓû▓ [43;33m[[43;30mWARNING[43;33m][0m 
[1m1 repetitive deprecation warnings omitted.
Run in verbose mode to see all warnings.[0m 
[1m[35m[plugin angular-sass][0m

    angular:styles/global:styles:1:8:
[37m      1 Γöé @import 
[32m'src/styles.scss'[37m;
        Γò╡         [32m~~~~~~~~~~~~~~~~~[0m

  null

[39m[22m

[1m[46m RUN [49m[22m [36mv4.0.18 [39m[90mC:/Users/willi/SynologyDrive/__Personal-Code/AntiGravity-001/operation-ouchie-2[39m

 [32mΓ£ô[39m [30m[45m operation-ouchie-2 [49m[39m src/app/models/body-region.model.spec.ts [2m([22m[2m4 tests[22m[2m)[22m[32m 8[2mms[22m[39m
 [32mΓ£ô[39m [30m[45m operation-ouchie-2 [49m[39m src/app/components/body-map/body-map.component.spec.ts [2m([22m[2m5 tests[22m[2m)[22m[32m 81[2mms[22m[39m
 [32mΓ£ô[39m [30m[45m operation-ouchie-2 [49m[39m src/app/app.spec.ts [2m([22m[2m2 tests[22m[2m)[22m[32m 54[2mms[22m[39m
 [32mΓ£ô[39m [30m[45m operation-ouchie-2 [49m[39m src/app/components/criteria-modal/criteria-modal.component.spec.ts [2m([22m[2m6 tests[22m[2m)[22m[32m 144[2mms[22m[39m
 [31mΓ¥»[39m [30m[45m operation-ouchie-2 [49m[39m src/app/components/results-table/results-table.component.spec.ts [2m([22m[2m5 tests[22m[2m | [22m[31m1 failed[39m[2m)[22m[32m 145[2mms[22m[39m
     [32mΓ£ô[39m should create[32m 87[2mms[22m[39m
     [32mΓ£ô[39m should display the correct number of rows[32m 14[2mms[22m[39m
     [32mΓ£ô[39m should emit rowClicked when a row is clicked[32m 14[2mms[22m[39m
     [32mΓ£ô[39m should show result count[32m 12[2mms[22m[39m
[31m     [31m├ù[31m should show no-results message when ratings is empty[39m[32m 16[2mms[22m[39m

[31mΓÄ»ΓÄ»ΓÄ»ΓÄ»ΓÄ»ΓÄ»ΓÄ»[39m[1m[41m Failed 
Tests 1 [49m[22m[31mΓÄ»ΓÄ»ΓÄ»ΓÄ»ΓÄ»ΓÄ»ΓÄ»[39m

[41m[1m FAIL [22m[49m [30m[45m 
operation-ouchie-2 [49m[39m src/app/components/
results-table/results-table.component.spec.ts[2m
 > [22mResultsTableComponent[2m > [22mshould 
show no-results message when ratings is empty
[31m[1mError[22m: NG0100: 
ExpressionChangedAfterItHasBeenCheckedError: 
Expression has changed after it was checked. 
Previous value: '2'. Current value: '0'. 
Expression location: _ResultsTableComponent 
component. Find more at 
https://v21.angular.dev/errors/NG0100[39m
[90m [2mΓ¥»[22m throwErrorIfNoChangesMode node
_modules/@angular/core/fesm2022/_debug_node-chunk
.mjs:[2m3475:9[22m[39m
[90m [2mΓ¥»[22m bindingUpdated node_modules/@a
ngular/core/fesm2022/_debug_node-chunk.mjs:[2m79
18:9[22m[39m
[90m [2mΓ¥»[22m interpolation1 node_modules/@a
ngular/core/fesm2022/_debug_node-chunk.mjs:[2m16
440:21[22m[39m
[90m [2mΓ¥»[22m ╔╡╔╡textInterpolate1 node_modu
les/@angular/core/fesm2022/_debug_node-chunk.mjs:
[2m16496:24[22m[39m
[90m [2mΓ¥»[22m Module.╔╡╔╡textInterpolate nod
e_modules/@angular/core/fesm2022/_debug_node-chun
k.mjs:[2m16491:3[22m[39m
[90m [2mΓ¥»[22m 
ResultsTableComponent_Template src/app/components
/results-table/results-table.component.html:[2m3
:25[22m[39m
[90m [2mΓ¥»[22m executeTemplate node_modules/@
angular/core/fesm2022/_debug_node-chunk.mjs:[2m4
834:5[22m[39m
[90m [2mΓ¥»[22m refreshView node_modules/@angu
lar/core/fesm2022/_debug_node-chunk.mjs:[2m5504:
7[22m[39m
[90m [2mΓ¥»[22m detectChangesInView node_modul
es/@angular/core/fesm2022/_debug_node-chunk.mjs:
[2m5644:5[22m[39m
[90m [2mΓ¥»[22m detectChangesInViewIfAttached 
node_modules/@angular/core/fesm2022/_debug_node-c
hunk.mjs:[2m5627:3[22m[39m

[31m[2mΓÄ»ΓÄ»ΓÄ»ΓÄ»ΓÄ»ΓÄ»ΓÄ»ΓÄ»ΓÄ»ΓÄ»ΓÄ»ΓÄ»ΓÄ»Γ
Ä»ΓÄ»ΓÄ»ΓÄ»ΓÄ»ΓÄ»ΓÄ»ΓÄ»ΓÄ»ΓÄ»ΓÄ»[1/1]ΓÄ»[22m[39
m


[2m Test Files [22m [1m[31m1 failed[39m[22m[2m | [22m[1m[32m4 passed[39m[22m[90m (5)[39m
[2m      Tests [22m [1m[31m1 failed[39m[22m[2m | [22m[1m[32m21 passed[39m[22m[90m (22)[39m
[2m   Start at [22m 07:08:23
[2m   Duration [22m 1.83s[2m (transform 384ms, setup 2.25s, import 435ms, tests 432ms, environment 4.55s)[22m

